// Jest Snapshot v1, https://goo.gl/fbAQLP

exports[`renders correctly 1`] = `
<View
  style={
    {
      "backgroundColor": "#fff",
      "flex": 1,
      "paddingHorizontal": 40,
    }
  }
>
  <View
    style={
      {
        "alignItems": "center",
        "marginBottom": 30,
        "marginTop": "25%",
      }
    }
  >
    <Image
      source={1}
      style={
        {
          "height": 60,
          "marginLeft": 15,
          "resizeMode": "contain",
          "width": 200,
        }
      }
    />
  </View>
  <View
    style={
      {
        "marginTop": 100,
      }
    }
  >
    <View
      style={
        {
          "alignItems": "center",
          "marginBottom": 20,
        }
      }
    >
      <Text
        style={
          {
            "fontSize": 28,
            "fontWeight": "bold",
          }
        }
      >
        Login
      </Text>
      <Text
        style={
          {
            "fontSize": 16,
          }
        }
      >
        Don't have an account?
         
        <View
          accessibilityState={
            {
              "busy": undefined,
              "checked": undefined,
              "disabled": undefined,
              "expanded": undefined,
              "selected": undefined,
            }
          }
          accessibilityValue={
            {
              "max": undefined,
              "min": undefined,
              "now": undefined,
              "text": undefined,
            }
          }
          accessible={true}
          collapsable={false}
          focusable={true}
          onClick={[Function]}
          onResponderGrant={[Function]}
          onResponderMove={[Function]}
          onResponderRelease={[Function]}
          onResponderTerminate={[Function]}
          onResponderTerminationRequest={[Function]}
          onStartShouldSetResponder={[Function]}
          style={
            {
              "opacity": 1,
            }
          }
        >
          <Text
            style={
              {
                "color": "blue",
                "textDecorationLine": "underline",
              }
            }
          >
            Register
          </Text>
        </View>
      </Text>
    </View>
    <TextInput
      onChangeText={[Function]}
      placeholder="Username"
      style={
        {
          "backgroundColor": "#f0f0f0",
          "borderRadius": 8,
          "fontSize": 16,
          "marginBottom": 10,
          "paddingHorizontal": 15,
          "paddingVertical": 10,
        }
      }
      value=""
    />
    <View
      style={
        {
          "flexDirection": "row",
          "justifyContent": "space-between",
          "marginBottom": 20,
        }
      }
    >
      <TextInput
        onChangeText={[Function]}
        placeholder="Password"
        secureTextEntry={true}
        style={
          [
            {
              "backgroundColor": "#f0f0f0",
              "borderRadius": 8,
              "fontSize": 16,
              "marginBottom": 10,
              "paddingHorizontal": 15,
              "paddingVertical": 10,
            },
            {
              "width": "100%",
            },
          ]
        }
        value=""
      />
      <View
        accessibilityState={
          {
            "busy": undefined,
            "checked": undefined,
            "disabled": undefined,
            "expanded": undefined,
            "selected": undefined,
          }
        }
        accessibilityValue={
          {
            "max": undefined,
            "min": undefined,
            "now": undefined,
            "text": undefined,
          }
        }
        accessible={true}
        collapsable={false}
        focusable={true}
        onClick={[Function]}
        onResponderGrant={[Function]}
        onResponderMove={[Function]}
        onResponderRelease={[Function]}
        onResponderTerminate={[Function]}
        onResponderTerminationRequest={[Function]}
        onStartShouldSetResponder={[Function]}
        style={
          {
            "opacity": 1,
            "position": "absolute",
            "right": 10,
          }
        }
      >
        <View
          collapsable={false}
          style={
            {
              "backgroundColor": "transparent",
              "borderRadius": 20,
              "height": 40,
              "margin": 6,
              "shadowColor": "#000",
              "shadowOffset": {
                "height": 0,
                "width": 0,
              },
              "shadowOpacity": 0,
              "shadowRadius": 0,
              "width": 40,
            }
          }
          testID="icon-button-container-outer-layer"
        >
          <View
            collapsable={false}
            style={
              {
                "backgroundColor": "transparent",
                "borderColor": "rgba(121, 116, 126, 1)",
                "borderRadius": 20,
                "borderWidth": 0,
                "elevation": 0,
                "flex": 1,
                "overflow": "hidden",
                "shadowColor": "#000",
                "shadowOffset": {
                  "height": 0,
                  "width": 0,
                },
                "shadowOpacity": 0,
                "shadowRadius": 0,
              }
            }
            testID="icon-button-container"
          >
            <View
              accessibilityComponentType="button"
              accessibilityRole="button"
              accessibilityState={
                {
                  "busy": undefined,
                  "checked": undefined,
                  "disabled": true,
                  "expanded": undefined,
                  "selected": undefined,
                }
              }
              accessibilityTraits="button"
              accessibilityValue={
                {
                  "max": undefined,
                  "min": undefined,
                  "now": undefined,
                  "text": undefined,
                }
              }
              accessible={true}
              centered={true}
              collapsable={false}
              color="#888"
              focusable={true}
              hitSlop={
                {
                  "bottom": 6,
                  "left": 6,
                  "right": 6,
                  "top": 6,
                }
              }
              onBlur={[Function]}
              onClick={[Function]}
              onFocus={[Function]}
              onResponderGrant={[Function]}
              onResponderMove={[Function]}
              onResponderRelease={[Function]}
              onResponderTerminate={[Function]}
              onResponderTerminationRequest={[Function]}
              onStartShouldSetResponder={[Function]}
              style={
                [
                  {
                    "overflow": "hidden",
                  },
                  [
                    {
                      "alignItems": "center",
                      "flexGrow": 1,
                      "justifyContent": "center",
                    },
                    {
                      "borderRadius": 20,
                    },
                  ],
                ]
              }
              testID="icon-button"
            >
              <Text />
            </View>
          </View>
        </View>
      </View>
    </View>
    <View
      accessibilityState={
        {
          "busy": undefined,
          "checked": undefined,
          "disabled": undefined,
          "expanded": undefined,
          "selected": undefined,
        }
      }
      accessibilityValue={
        {
          "max": undefined,
          "min": undefined,
          "now": undefined,
          "text": undefined,
        }
      }
      accessible={true}
      collapsable={false}
      focusable={true}
      onClick={[Function]}
      onResponderGrant={[Function]}
      onResponderMove={[Function]}
      onResponderRelease={[Function]}
      onResponderTerminate={[Function]}
      onResponderTerminationRequest={[Function]}
      onStartShouldSetResponder={[Function]}
      style={
        {
          "alignItems": "center",
          "backgroundColor": "#61acc9",
          "borderRadius": 8,
          "opacity": 1,
          "paddingVertical": 12,
        }
      }
    >
      <Text
        style={
          {
            "color": "white",
            "fontSize": 18,
            "fontWeight": "bold",
          }
        }
      >
        Login
      </Text>
    </View>
  </View>
</View>
`;
